nav-navigation-enter-liquid-f4 7724 7724 {'pixels': 209724, 'max': 0, 'p95': 0.0, 'mean': 0.0, 'changed': 0, 'over_2': 0}
nav-navigation-enter-liquid-f5 7724 7724 {'pixels': 213588, 'max': 0, 'p95': 0.0, 'mean': 0.0, 'changed': 0, 'over_2': 0}
nav-navigation-enter-liquid-f6 7724 7724 {'pixels': 219352, 'max': 0, 'p95': 0.0, 'mean': 0.0, 'changed': 0, 'over_2': 0}
nav-navigation-enter-liquid-f8 7724 7724 {'pixels': 233655, 'max': 0, 'p95': 0.0, 'mean': 0.0, 'changed': 0, 'over_2': 0}
nav-navigation-enter-liquid-f10 7724 7724 {'pixels': 250908, 'max': 0, 'p95': 0.0, 'mean': 0.0, 'changed': 0, 'over_2': 0}
nav-navigation-nested-push-liquid-f4 16143 16143 {'pixels': 310223, 'max': 0, 'p95': 0.0, 'mean': 0.0, 'changed': 0, 'over_2': 0}
nav-navigation-nested-push-liquid-f5 16143 16143 {'pixels': 302298, 'max': 0, 'p95': 0.0, 'mean': 0.0, 'changed': 0, 'over_2': 0}
nav-navigation-nested-push-liquid-f6 16143 16143 {'pixels': 290920, 'max': 0, 'p95': 0.0, 'mean': 0.0, 'changed': 0, 'over_2': 0}
nav-navigation-nested-push-liquid-f8 16143 16143 {'pixels': 284165, 'max': 0, 'p95': 0.0, 'mean': 0.0, 'changed': 0, 'over_2': 0}
nav-navigation-nested-push-liquid-f10 16143 16143 {'pixels': 325772, 'max': 0, 'p95': 0.0, 'mean': 0.0, 'changed': 0, 'over_2': 0}
nav-navigation-nested-pop-liquid-f4 16143 16143 {'pixels': 396363, 'max': 0, 'p95': 0.0, 'mean': 0.0, 'changed': 0, 'over_2': 0}
nav-navigation-nested-pop-liquid-f5 16143 16143 {'pixels': 379989, 'max': 4, 'p95': 0.0, 'mean': 1.5789930761153613e-05, 'changed': 3, 'over_2': 1}
nav-navigation-nested-pop-liquid-f6 16143 16143 {'pixels': 358757, 'max': 1, 'p95': 0.0, 'mean': 8.362206172980597e-06, 'changed': 3, 'over_2': 0}
nav-navigation-nested-pop-liquid-f8 16143 16143 {'pixels': 307878, 'max': 1, 'p95': 0.0, 'mean': 1.2992159231903547e-05, 'changed': 4, 'over_2': 0}
nav-navigation-nested-pop-liquid-f10 16143 16143 {'pixels': 290634, 'max': 1, 'p95': 0.0, 'mean': 1.0322260988046821e-05, 'changed': 3, 'over_2': 0}
nav-navigation-toolbar-liquid-f4 6871 6871 {'pixels': 148908, 'max': 0, 'p95': 0.0, 'mean': 0.0, 'changed': 0, 'over_2': 0}
nav-navigation-toolbar-liquid-f5 6871 6871 {'pixels': 150934, 'max': 0, 'p95': 0.0, 'mean': 0.0, 'changed': 0, 'over_2': 0}
nav-navigation-toolbar-liquid-f6 6871 6871 {'pixels': 152745, 'max': 0, 'p95': 0.0, 'mean': 0.0, 'changed': 0, 'over_2': 0}
nav-navigation-toolbar-liquid-f8 6871 6871 {'pixels': 156597, 'max': 0, 'p95': 0.0, 'mean': 0.0, 'changed': 0, 'over_2': 0}
nav-navigation-toolbar-liquid-f10 6871 6871 {'pixels': 184036, 'max': 0, 'p95': 0.0, 'mean': 0.0, 'changed': 0, 'over_2': 0}
