--------- beginning of main
10-08 20:29:38.836  6709  6709 I flutter : Null check operator used on a null value
10-08 20:29:38.843  6709  6709 I flutter : #0      _BenchState.ownedSource (package:morph_example/perf/mip_stage_bench.dart:682)
10-08 20:29:38.843  6709  6709 I flutter : #1      RenderLiquidGlassLayer.renderShader (package:morph/src/glass/renderer/rendering/liquid_glass_layer.dart:662)
10-08 20:29:38.843  6709  6709 I flutter : #2      RenderLiquidGlassLayer._updateShaderSettings (package:morph/src/glass/renderer/rendering/liquid_glass_layer.dart:770)
10-08 20:29:38.843  6709  6709 I flutter : #3      RenderLiquidGlassLayer._setShapeAppearances (package:morph/src/glass/renderer/rendering/liquid_glass_layer.dart:923)
10-08 20:29:38.843  6709  6709 I flutter : #4      RenderLiquidGlassLayer._prepareGeometryAppearance (package:morph/src/glass/renderer/rendering/liquid_glass_layer.dart:1218)
10-08 20:29:38.843  6709  6709 I flutter : #5      RenderLiquidGlassLayer.paintFrame (package:morph/src/glass/renderer/rendering/liquid_glass_layer.dart:1132)
10-08 20:29:38.843  6709  6709 I flutter : #6      LiquidGlassRenderObject._paintGlass (package:morph/src/glass/renderer/rendering/liquid_glass_render_object.dart:343)
10-08 20:29:38.843  6709  6709 I flutter : #7      PaintingContext.pushLayer (package:flutter/src/rendering/object.dart:522)
10-08 20:29:38.843  6709  6709 I flutter : #8      GlassCompositionProbe.paint (package:morph/src/glass/renderer/internal/glass_composition_probe.dart:39)
10-08 20:29:38.843  6709  6709 I flutter : #9      LiquidGlassRenderObject.paint (package:morph/src/glass/renderer/rendering/liquid_glass_render_object.dart:330)
10-08 20:29:38.843  6709  6709 I flutter : #10     TransformTrackingRenderObjectMixin.paint (package:morph/src/glass/renderer/internal/transform_tracking_repaint_boundary_mixin.dart:81)
10-08 20:29:38.843  6709  6709 I flutter : #11     RenderObject._paintWithContext (package:flutter/src/rendering/object.dart:3610)
10-08 20:29:38.843  6709  6709 I flutter : #12     PaintingContext.paintChild (package:flutter/src/rendering/object.dart:265)
10-08 20:29:38.843  6709  6709 I flutter : #13     RenderProxyBoxMixin.paint (package:flutter/src/rendering/proxy_box.dart:141)
10-08 20:29:38.843  6709  6709 I flutter : #14     RenderObject._paintWithContext (package:flutter/src/rendering/object.dart:3610)
10-08 20:29:38.843  6709  6709 I flutter : #15     PaintingContext._repaintCompositedChild (package:flutter/src/rendering/object.dart:180)
10-08 20:29:38.843  6709  6709 I flutter : #16     PaintingContext.repaintCompositedChild (package:flutter/src/rendering/object.dart:125)
10-08 20:29:38.843  6709  6709 I flutter : #17     PipelineOwner.flushPaint (package:flutter/src/rendering/object.dart:1325)
10-08 20:29:38.843  6709  6709 I flutter : #18     PipelineOwner.flushPaint (package:flutter/src/rendering/object.dart:1335)
10-08 20:29:38.843  6709  6709 I flutter : #19     RendererBinding.drawFrame (package:flutter/src/rendering/binding.dart:694)
10-08 20:29:38.843  6709  6709 I flutter : #20     WidgetsBinding.drawFrame (package:flutter/src/widgets/binding.dart:1577)
10-08 20:29:38.843  6709  6709 I flutter : #21     RendererBinding._handlePersistentFrameCallback (package:flutter/src/rendering/binding.dart:558)
10-08 20:29:38.843  6709  6709 I flutter : #22     SchedulerBinding._invokeFrameCallback (package:flutter/src/scheduler/binding.dart:1433)
10-08 20:29:38.843  6709  6709 I flutter : #23     SchedulerBinding.handleDrawFrame (package:flutter/src/scheduler/binding.dart:1348)
10-08 20:29:38.843  6709  6709 I flutter : #24     SchedulerBinding._handleDrawFrame (package:flutter/src/scheduler/binding.dart:1201)
10-08 20:29:38.843  6709  6709 I flutter : #25     _invoke (dart:ui/hooks.dart:441)
10-08 20:29:38.843  6709  6709 I flutter : #26     PlatformDispatcher._drawFrame (dart:ui/platform_dispatcher.dart:453)
10-08 20:29:38.843  6709  6709 I flutter : #27     _drawFrame (dart:ui/hooks.dart:413)
10-08 20:29:40.538  6709  6709 I flutter : Another exception was thrown: Instance of 'DiagnosticsProperty<void>'
10-08 20:33:32.929  8224  8272 I flutter : [IMPORTANT:flutter/shell/platform/android/android_context_vk_impeller.cc(62)] Using the Impeller rendering backend (Vulkan).
10-08 20:33:41.222  8224  8224 I flutter : Null check operator used on a null value
10-08 20:33:41.229  8224  8224 I flutter : #0      _BenchState.ownedSource (package:morph_example/perf/mip_stage_bench.dart:727)
10-08 20:33:41.229  8224  8224 I flutter : #1      RenderLiquidGlassLayer.renderShader (package:morph/src/glass/renderer/rendering/liquid_glass_layer.dart:662)
10-08 20:33:41.229  8224  8224 I flutter : #2      RenderLiquidGlassLayer._updateShaderSettings (package:morph/src/glass/renderer/rendering/liquid_glass_layer.dart:770)
10-08 20:33:41.229  8224  8224 I flutter : #3      RenderLiquidGlassLayer._setShapeAppearances (package:morph/src/glass/renderer/rendering/liquid_glass_layer.dart:923)
10-08 20:33:41.229  8224  8224 I flutter : #4      RenderLiquidGlassLayer._prepareGeometryAppearance (package:morph/src/glass/renderer/rendering/liquid_glass_layer.dart:1218)
10-08 20:33:41.229  8224  8224 I flutter : #5      RenderLiquidGlassLayer.paintFrame (package:morph/src/glass/renderer/rendering/liquid_glass_layer.dart:1132)
10-08 20:33:41.229  8224  8224 I flutter : #6      LiquidGlassRenderObject._paintGlass (package:morph/src/glass/renderer/rendering/liquid_glass_render_object.dart:343)
10-08 20:33:41.229  8224  8224 I flutter : #7      PaintingContext.pushLayer (package:flutter/src/rendering/object.dart:522)
10-08 20:33:41.229  8224  8224 I flutter : #8      GlassCompositionProbe.paint (package:morph/src/glass/renderer/internal/glass_composition_probe.dart:39)
10-08 20:33:41.229  8224  8224 I flutter : #9      LiquidGlassRenderObject.paint (package:morph/src/glass/renderer/rendering/liquid_glass_render_object.dart:330)
10-08 20:33:41.229  8224  8224 I flutter : #10     TransformTrackingRenderObjectMixin.paint (package:morph/src/glass/renderer/internal/transform_tracking_repaint_boundary_mixin.dart:81)
10-08 20:33:41.229  8224  8224 I flutter : #11     RenderObject._paintWithContext (package:flutter/src/rendering/object.dart:3610)
10-08 20:33:41.229  8224  8224 I flutter : #12     PaintingContext.paintChild (package:flutter/src/rendering/object.dart:265)
10-08 20:33:41.229  8224  8224 I flutter : #13     RenderProxyBoxMixin.paint (package:flutter/src/rendering/proxy_box.dart:141)
10-08 20:33:41.230  8224  8224 I flutter : #14     RenderObject._paintWithContext (package:flutter/src/rendering/object.dart:3610)
10-08 20:33:41.230  8224  8224 I flutter : #15     PaintingContext._repaintCompositedChild (package:flutter/src/rendering/object.dart:180)
10-08 20:33:41.230  8224  8224 I flutter : #16     PaintingContext.repaintCompositedChild (package:flutter/src/rendering/object.dart:125)
10-08 20:33:41.230  8224  8224 I flutter : #17     PipelineOwner.flushPaint (package:flutter/src/rendering/object.dart:1325)
10-08 20:33:41.230  8224  8224 I flutter : #18     PipelineOwner.flushPaint (package:flutter/src/rendering/object.dart:1335)
10-08 20:33:41.230  8224  8224 I flutter : #19     RendererBinding.drawFrame (package:flutter/src/rendering/binding.dart:694)
10-08 20:33:41.230  8224  8224 I flutter : #20     WidgetsBinding.drawFrame (package:flutter/src/widgets/binding.dart:1577)
10-08 20:33:41.230  8224  8224 I flutter : #21     RendererBinding._handlePersistentFrameCallback (package:flutter/src/rendering/binding.dart:558)
10-08 20:33:41.230  8224  8224 I flutter : #22     SchedulerBinding._invokeFrameCallback (package:flutter/src/scheduler/binding.dart:1433)
10-08 20:33:41.230  8224  8224 I flutter : #23     SchedulerBinding.handleDrawFrame (package:flutter/src/scheduler/binding.dart:1348)
10-08 20:33:41.230  8224  8224 I flutter : #24     SchedulerBinding._handleDrawFrame (package:flutter/src/scheduler/binding.dart:1201)
10-08 20:33:41.230  8224  8224 I flutter : #25     _invoke (dart:ui/hooks.dart:441)
10-08 20:33:41.230  8224  8224 I flutter : #26     PlatformDispatcher._drawFrame (dart:ui/platform_dispatcher.dart:453)
10-08 20:33:41.230  8224  8224 I flutter : #27     _drawFrame (dart:ui/hooks.dart:413)
